// Jest Snapshot v1, https://goo.gl/fbAQLP

exports[`addEventListener 1 1`] = `<div>axios</div>`;
