// Jest Snapshot v1, https://goo.gl/fbAQLP

exports[`primary 测试快照 1`] = `
<div>
  <h2>
    1
  </h2>
</div>
`;
