// Jest Snapshot v1, https://goo.gl/fbAQLP

exports[`the La Croix cans on my desk 测试快照 1`] = `<div>sessionStorage</div>`;
