// Jest Snapshot v1, https://goo.gl/fbAQLP

exports[`location 测试快照 1`] = `<div>sessionStorage</div>`;
